# 乡音地图能力缺口日志

> 状态：`open` 未解决；`verify` 已实现但缺少运行证据；`demo` 仅演示；`closed` 已验证。

| 日期 | 级别 | 状态 | 缺口 | 当前回退 | 完成证据 |
| --- | --- | --- | --- | --- | --- |
| 2026-07-23 | high | closed | Map Kit 在线鉴权和真实地图加载 | 初始化失败时显示本地中国地形图 | 设备 `2PN6R24402004396` 真机 3D 地图截图 |
| 2026-07-23 | high | closed | API 15+ `sphereEnabled` 3D 地球运行验证 | 不支持或失败时使用普通地图/本地兜底 | 真机横竖屏均显示可交互 3D 地球 |
| 2026-07-23 | high | verify | 用户定位的首次允许、当前位置捕捉与镜头居中已通过；拒绝、设置恢复分支尚未全覆盖 | 拒绝或失败后继续全国地图浏览 | 已有允许与定位成功截图；仍需拒绝和设置恢复录屏 |
| 2026-07-23 | high | demo | 录音流程没有真实麦克风采集 | 明确显示模拟录音状态 | 接入权限、录音文件、后台与中断恢复测试 |
| 2026-07-23 | high | demo | 方言鉴定是固定本地模拟结果 | 结果旁持续显示模拟声明 | 真实服务契约、错误/超时、结果来源与隐私评审 |
| 2026-07-23 | medium | demo | 分享按钮只准备演示状态，没有调用系统分享 | 先展示分享预览，按钮标注演示 | 系统分享面板、取消/失败/成功真机证据 |
| 2026-07-23 | medium | verify | 同乡面板 220vp 紧凑态、上滑展开和下滑收起已通过真机；慢拖、取消手势和键鼠仍待覆盖 | 提供方向按钮替代拖动入口 | 已有真机双向拖动截图；仍需慢拖、取消和键鼠验证 |
| 2026-07-23 | medium | verify | 平板横竖屏主布局已通过真机，未覆盖全部自由窗口与断点边界 | 按窗口宽度切换底部面板或侧栏 | 已有横竖屏截图；仍需 600vp、839vp、840vp 边界截图 |
| 2026-07-23 | medium | open | Light/Dark 地图资源和真实底图对比度尚未完整验收 | 保持现有暗色资源与本地兜底 | 两种模式截图、文本/控件对比度记录 |
| 2026-07-23 | medium | open | 大字体、键盘焦点和屏幕阅读完整流程未真机验收 | 保留无障碍名称和可见操作 | 字体缩放、Tab 顺序、读屏测试记录 |
| 2026-07-23 | low | open | 当前应用图标为工程占位 | 不作为发布资产 | 前景/背景双层 1024px 资源验收 |
| 2026-07-23 | low | open | 测试资源存在重复警告的历史记录 | 不影响当前设计文档 | 清理后测试 HAP 构建无对应警告 |
| 2026-07-23 | high | closed | 当时构建的本地 DevEco 签名与安装运行验证 | 历史 signed HAP 已覆盖安装并启动 | 该行仅证明 2026-07-23 构建；当前受跟踪配置已清除个人签名材料 |
| 2026-07-23 | medium | closed | 护照与点亮地区 Preferences 恢复 | 存储失败时保留当前会话，不保存录音或精确位置 | 覆盖安装并重启后，重庆护照与绿色点亮图标均恢复 |
| 2026-07-24 | high | open | 正式方言区的学术来源、矢量边界、过渡区表达和使用授权尚未接入 | 当前仅展示五个明确标注的产品演示分类节点 | 语言学顾问确认、来源与版本记录、可用授权、GIS 边界验收 |
| 2026-07-24 | medium | verify | 大类—片区—地方口音—代表地区已贯通地图、鉴定和护照，横屏真机通过；竖屏与大字体仍待覆盖 | 编译失败时回退到上一个已验证版本 | 已有横屏主流程截图；仍需竖屏文字换行和大字体检查 |
| 2026-07-24 | high | closed | 受跟踪构建配置曾包含本机签名路径与口令字段 | `signingConfigs` 恢复为空，签名只留在用户本机 | 敏感字段扫描无命中；unsigned 主 HAP 构建成功 |
| 2026-07-24 | high | verify | 确认状态、纠正后模拟详情和未鉴定护照门控已修复 | 无护照时禁用入口；模拟能力声明保持可见 | 回归测试已编译；仍需设备执行测试与主链点击 |
| 2026-07-24 | high | verify | 分享预览/纠正面板返回层级与再次鉴定后的 Map Marker 刷新已实现 | 地图失败仍切换本地兜底；临时状态由顶层返回关闭 | 当前 SDK API 与主 HAP 构建已验证；仍需当前源码真机复验 |
| 2026-07-24 | high | verify | 当前新调试签名对应的应用身份尚未开通 Map Kit，在线瓦片返回 `403 / no map permission` | 监听地图错误和加载超时，自动切换可拖动、双指/按钮缩放的本地地图并提供重试 | 当前 signed HAP 真机已显示本地地图和五个点位；在线恢复需平台重新授权 |
| 2026-07-24 | high | verify | 地图启动时在线组件可能空白或遮挡本地内容 | 本地地图立即显示；在线底图与 Marker 均成功后才提升层级，失败或超时继续本地地图 | 当前源码已改为本地先行；需本轮构建、在线成功接管和失败保持真机证据 |
| 2026-07-24 | high | verify | 本地地图曾以独立比例坐标放置点位，易随裁剪和窗口变化漂移 | 底图与点位共用经纬度到裁剪图像坐标的仿射投影 | 投影模型与边界测试已进入源码；需不同窗口真机点位校准 |
| 2026-07-24 | medium | verify | 旧群组重点卡、介绍页和只读话题不形成交流闭环 | 默认“会话”列表进入消息流；推荐/按方言降为发现入口，加入后可本机发送 | 当前源码已实现；本轮 HAP、横竖屏、系统返回与完整点击链待验证 |
| 2026-07-24 | high | verify | 群聊缺少成员门槛、可靠已读状态和有界内存 | 未加入/退出时禁用输入；打开记录 session `lastReadMessageId`；120 字、每群 100 条且仅本次运行 | 边界测试已写入源码但本轮尚未执行；需真机验证加入/退出、未读清零和满额状态 |
| 2026-07-24 | medium | verify | 输入法可能整体顶起聊天标题栏 | 聊天页使用 `RESIZE_WITH_CARET`，进入保存原模式、离开恢复 | API 20 本机声明已核对；需多输入法、系统返回和旋转真机证据 |
| 2026-07-24 | medium | verify | 旧深绿与高饱和强调色、同层卡片和重阴影缺少质感 | 宣纸暖白 + 黛青；文字/填充语义 Token 分离；内容面使用细边框和微阴影 | Light/Dark 资源与组件已更新；对比度、大字体和真机截图待验证 |

## 维护规则

- 新发现的问题先登记，再决定回到哪份声明修改。
- `closed` 必须附构建、真机截图、录屏、测试或代码位置之一，不能只写“已修复”。
- SDK、权限和设备能力没有运行证据时最多标为 `verify`，不得直接标为 `closed`。
- 模拟能力接入真实服务后，仍需保留失败、离线、取消和隐私状态才能关闭。
